// Jest Snapshot v1, https://goo.gl/fbAQLP

exports[`renders correctly 1`] = `
<div>
  <div
    className="sc-dlfnuX iBRhvT"
  >
    <div
      className="sc-hKgJUU fIcSxm"
    >
      <img
        alt="search-icon"
        src="search-icon.svg"
      />
      <input
        onChange={[Function]}
        placeholder="Search A Meal"
        type="text"
      />
    </div>
  </div>
  <span>
    
  </span>
  <div
    className="sc-bdfBQB jWmjXB"
  >
    <h1>
      All Meals
    </h1>
    <div
      className="sc-gsTEea fLetFe"
    />
  </div>
</div>
`;
